The files belonging to this database system will be owned by user "nate".
This user must also own the server process.

The database cluster will be initialized with locale "C".
The default text search configuration will be set to "english".

Data page checksums are disabled.

creating directory /tmp/kscope-4ufwnywc/data ... ok
creating subdirectories ... ok
selecting dynamic shared memory implementation ... posix
selecting default "max_connections" ... 100
selecting default "shared_buffers" ... 128MB
selecting default time zone ... Europe/Bucharest
creating configuration files ... ok
running bootstrap script ... ok
performing post-bootstrap initialization ... ok
syncing data to disk ... ok

Success. You can now start the database server using:

    /usr/lib/postgresql/17/bin/pg_ctl -D /tmp/kscope-4ufwnywc/data -l logfile start

.......+.....+..........+...+++++++++++++++++++++++++++++++++++++++*...+..................+.+...+...+........+.........+.+.........+.....+...+...+.+.........+......+.....+.+..+.+++++++++++++++++++++++++++++++++++++++*............+.....+...+......+....+..+............+..........+...+..+..........+..+...+.++++++
.........+++++++++++++++++++++++++++++++++++++++*....+...+...+.....+...+....+..+.+..............+....+..+...+.+......+..+............+.+........+.+........+......+.+...+...+++++++++++++++++++++++++++++++++++++++*.......+...+.....+....+...+............+......+.........+.....+...+......+......+....+............+...............+...+.........+..+....+.........+..+...+...+...+..............................+.......+..+..........+..+...+.......+...+...+.....+...+......+...+............+.........++++++
-----
waiting for server to start.... done
server started
CREATE ROLE
CREATE ROLE
CREATE ROLE
CREATE ROLE
CREATE ROLE
=== RUN   TestScopedExecutorSourceWindowUsesBoundedSQLClaimAndPermanentReplayDenial
=== RUN   TestScopedExecutorSourceWindowUsesBoundedSQLClaimAndPermanentReplayDenial/six-hour_source
    scoped_attempt_window_postgres_test.go:99: real SQL admission failed: provider_error: provider: scoped attempt claim unavailable (requestId=request-1, retryable=true) sends=0 calls=1
=== RUN   TestScopedExecutorSourceWindowUsesBoundedSQLClaimAndPermanentReplayDenial/three-minute_source
=== RUN   TestScopedExecutorSourceWindowUsesBoundedSQLClaimAndPermanentReplayDenial/expired_source
--- FAIL: TestScopedExecutorSourceWindowUsesBoundedSQLClaimAndPermanentReplayDenial (0.08s)
    --- FAIL: TestScopedExecutorSourceWindowUsesBoundedSQLClaimAndPermanentReplayDenial/six-hour_source (0.00s)
    --- PASS: TestScopedExecutorSourceWindowUsesBoundedSQLClaimAndPermanentReplayDenial/three-minute_source (0.01s)
    --- PASS: TestScopedExecutorSourceWindowUsesBoundedSQLClaimAndPermanentReplayDenial/expired_source (0.00s)
FAIL
FAIL	github.com/OxyHQ/Kaana/internal/kaana	0.100s
FAIL
waiting for server to shut down.... done
server stopped
