The files belonging to this database system will be owned by user "nate".
This user must also own the server process.

The database cluster will be initialized with locale "C".
The default text search configuration will be set to "english".

Data page checksums are disabled.

creating directory /tmp/kcard-w81x2iek/data ... ok
creating subdirectories ... ok
selecting dynamic shared memory implementation ... posix
selecting default "max_connections" ... 100
selecting default "shared_buffers" ... 128MB
selecting default time zone ... Europe/Bucharest
creating configuration files ... ok
running bootstrap script ... ok
performing post-bootstrap initialization ... ok
syncing data to disk ... ok

Success. You can now start the database server using:

    /usr/lib/postgresql/17/bin/pg_ctl -D /tmp/kcard-w81x2iek/data -l logfile start

waiting for server to start.... done
server started
=== RUN   TestIndependentCardObservationsRegisterAndReplayWithoutChangingXai
    separate_rate_cards_postgres_integration_test.go:27: credential store: applying migration 0002: ERROR: required database role kaana_runtime does not exist (SQLSTATE P0001)
--- FAIL: TestIndependentCardObservationsRegisterAndReplayWithoutChangingXai (0.01s)
FAIL
FAIL	github.com/OxyHQ/Kaana/internal/credentialstore	0.027s
FAIL
waiting for server to shut down.... done
server stopped
